---
source: tests/snapshot/main.rs
expression: output_for_insta
input_file: tests/snapshot/data/fetchtarball/bitbucket_archive_version_update.nix
---
tests/snapshot/data/fetchtarball/bitbucket_archive_version_update.nix
  [fetcher] bitbucket.org/atlassian/atlassian-rest
    fetchTarball.url
    - "https://bitbucket.org/atlassian/atlassian-rest/get/atlassian-rest-parent-8.1.3.tar.gz"
    + <redacted>
    fetchTarball.sha256
    - "AAAAAAAAAAAAAAAAAAAAAAAAAAAAAAAAAAAAAAAAAAA"
    + <redacted>
