---
source: tests/snapshot/main.rs
expression: output_for_insta
input_file: tests/snapshot/data/fetchtarball/codeberg_archive_version_update.nix
---
tests/snapshot/data/fetchtarball/codeberg_archive_version_update.nix
  [fetcher] codeberg.org/ddevault/scdoc
    fetchTarball.url
    - "https://codeberg.org/ddevault/scdoc/archive/1.9.3.tar.gz"
    + <redacted>
    fetchTarball.sha256
    - "AAAAAAAAAAAAAAAAAAAAAAAAAAAAAAAAAAAAAAAAAAA"
    + <redacted>
