---
source: tests/snapshot/main.rs
expression: output_for_insta
input_file: tests/snapshot/data/fetchtarball/codeberg_archive_version_update.nix
---
[
  {
    "rule": "fetcher",
    "field": "fetchTarball.url",
    "old": "\"https://codeberg.org/ddevault/scdoc/archive/1.9.3.tar.gz\""
  },
  {
    "rule": "fetcher",
    "field": "fetchTarball.sha256",
    "old": "\"AAAAAAAAAAAAAAAAAAAAAAAAAAAAAAAAAAAAAAAAAAA\""
  }
]
