---
source: tests/snapshot/main.rs
expression: output_for_insta
input_file: tests/snapshot/data/fetchtarball/gitea_archive_version_update.nix
---
tests/snapshot/data/fetchtarball/gitea_archive_version_update.nix
  [fetcher] gitea.com/gitea/act
    fetchTarball.url
    - "https://gitea.com/gitea/act/archive/v0.261.6.tar.gz"
    + <redacted>
    fetchTarball.sha256
    - "AAAAAAAAAAAAAAAAAAAAAAAAAAAAAAAAAAAAAAAAAAA"
    + <redacted>
