---
source: tests/snapshot/main.rs
expression: output_for_insta
input_file: tests/snapshot/data/fetchtarball/github_archive_version_update.nix
---
[
  {
    "rule": "fetcher",
    "target": "github.com/yuxqiu/nix-update-git",
    "field": "fetchTarball.url",
    "old": "\"https://github.com/yuxqiu/nix-update-git/archive/v0.1.0.tar.gz\""
  },
  {
    "rule": "fetcher",
    "target": "github.com/yuxqiu/nix-update-git",
    "field": "fetchTarball.sha256",
    "old": "\"AAAAAAAAAAAAAAAAAAAAAAAAAAAAAAAAAAAAAAAAAAA\""
  }
]
