---
source: tests/snapshot/main.rs
expression: output_for_insta
input_file: tests/snapshot/data/fetchtarball/github_archive_zip.nix
---
tests/snapshot/data/fetchtarball/github_archive_zip.nix
  [fetcher] github.com/yuxqiu/nix-update-git
    fetchTarball.url
    - "https://github.com/yuxqiu/nix-update-git/archive/v0.1.0.zip"
    + <redacted>
