---
source: tests/snapshot/main.rs
expression: output_for_insta
input_file: tests/snapshot/data/fetchtarball/gitlab_archive_version_update.nix
---
[
  {
    "rule": "fetcher",
    "target": "gitlab.com/procps-ng/procps",
    "field": "fetchTarball.url",
    "old": "\"https://gitlab.com/procps-ng/procps/-/archive/v4.0.3/procps-v4.0.3.tar.gz\""
  },
  {
    "rule": "fetcher",
    "target": "gitlab.com/procps-ng/procps",
    "field": "fetchTarball.sha256",
    "old": "\"AAAAAAAAAAAAAAAAAAAAAAAAAAAAAAAAAAAAAAAAAAA\""
  }
]
