---
source: tests/snapshot/main.rs
expression: output_for_insta
input_file: tests/snapshot/data/fetchtarball/gitlab_archive_version_update.nix
---
tests/snapshot/data/fetchtarball/gitlab_archive_version_update.nix
  [fetcher] gitlab.com/procps-ng/procps
    fetchTarball.url
    - "https://gitlab.com/procps-ng/procps/-/archive/v4.0.3/procps-v4.0.3.tar.gz"
    + <redacted>
    fetchTarball.sha256
    - "AAAAAAAAAAAAAAAAAAAAAAAAAAAAAAAAAAAAAAAAAAA"
    + <redacted>
