---
source: tests/snapshot/main.rs
expression: output_for_insta
input_file: tests/snapshot/data/fetchtarball/pinned_bitbucket_archive_empty_hash_field.nix
---
tests/snapshot/data/fetchtarball/pinned_bitbucket_archive_empty_hash_field.nix
  [fetcher] bitbucket.org/atlassian/atlassian-rest
    fetchTarball.hash
    - ""
    + "sha256-Ap4u1ZQ+75AV+P4wFr4Ov/YqmC5+BrM1cbk60wd6fik="
