---
source: tests/snapshot/main.rs
expression: output_for_insta
input_file: tests/snapshot/data/fetchtarball/pinned_github_archive_empty_hash_field.nix
---
tests/snapshot/data/fetchtarball/pinned_github_archive_empty_hash_field.nix
  [fetcher] github.com/yuxqiu/nix-update-git
    fetchTarball.hash
    - ""
    + "sha256-XoU5agDsmgsUx4Nw5fRJHgz4zsMRwKy9C/MJvKyg2gg="
