---
source: tests/snapshot/main.rs
expression: output_for_insta
input_file: tests/snapshot/data/fetchtarball/pinned_gitlab_archive_empty_hash_field.nix
---
tests/snapshot/data/fetchtarball/pinned_gitlab_archive_empty_hash_field.nix
  [fetcher] gitlab.com/procps-ng/procps
    fetchTarball.hash
    - ""
    + "sha256-GVWLPd9wr3e94kEEJKmOk2ghXAFIB+BiSrK6Qzyr+uk="
