---
source: tests/snapshot/main.rs
expression: output_for_insta
input_file: tests/snapshot/data/fetchtarball/pinned_github_archive_empty_hash_field.nix
---
[
  {
    "rule": "fetcher",
    "field": "fetchTarball.hash",
    "old": "\"\"",
    "new": "\"sha256-XoU5agDsmgsUx4Nw5fRJHgz4zsMRwKy9C/MJvKyg2gg=\"",
    "range": [
      309,
      311
    ]
  }
]
