---
source: tests/snapshot/main.rs
expression: output_for_insta
input_file: tests/snapshot/data/fetchtarball/pinned_gitlab_archive_empty_hash.nix
---
[
  {
    "rule": "fetcher",
    "field": "fetchTarball.sha256",
    "old": "\"\"",
    "new": "\"1sgsmcy47fmj99if01s805f22s4kislj8121waypgbvhvwyqnm8r\"",
    "range": [
      309,
      311
    ]
  }
]
