---
source: tests/snapshot/main.rs
expression: output_for_insta
input_file: tests/snapshot/data/fetchtarball/sourcehut_archive_version_update.nix
---
tests/snapshot/data/fetchtarball/sourcehut_archive_version_update.nix
  [fetcher] git.sr.ht/~sircmpwn/scdoc
    fetchTarball.url
    - "https://git.sr.ht/~sircmpwn/scdoc/archive/1.9.3.tar.gz"
    + <redacted>
    fetchTarball.sha256
    - "AAAAAAAAAAAAAAAAAAAAAAAAAAAAAAAAAAAAAAAAAAA"
    + <redacted>
