---
source: tests/snapshot/main.rs
expression: output_for_insta
input_file: tests/snapshot/data/fetchpatch/codeberg_follow_branch.nix
---
tests/snapshot/data/fetchpatch/codeberg_follow_branch.nix
  [fetcher] codeberg.org/ddevault/scdoc
    fetchpatch.url
    - "https://codeberg.org/ddevault/scdoc/commit/0000000000000000000000000000000000000000.patch"
    + <redacted>
    fetchpatch.hash
    - ""
    + <redacted>
