---
source: tests/snapshot/main.rs
expression: output_for_insta
input_file: tests/snapshot/data/fetchpatch/github_compare_follow_branch.nix
---
[
  {
    "rule": "fetcher",
    "field": "fetchpatch.url",
    "old": "\"https://github.com/yuxqiu/nix-update-git/compare/v0.1.0...4b60d1ab5349af3a6f9d1b0797aa520b041e7eb3.patch\""
  },
  {
    "rule": "fetcher",
    "field": "fetchpatch.hash",
    "old": "\"\""
  }
]
