---
source: tests/snapshot/main.rs
expression: output_for_insta
input_file: tests/snapshot/data/fetchpatch/gitlab_follow_branch.nix
---
tests/snapshot/data/fetchpatch/gitlab_follow_branch.nix
  [fetcher] gitlab.com/procps-ng/procps
    fetchpatch.url
    - "https://gitlab.com/procps-ng/procps/-/commit/0000000000000000000000000000000000000000.patch"
    + <redacted>
    fetchpatch.hash
    - ""
    + <redacted>
