---
source: tests/snapshot/main.rs
expression: output_for_insta
input_file: tests/snapshot/data/fetchpatch/pinned_github_revert.nix
---
tests/snapshot/data/fetchpatch/pinned_github_revert.nix
  [fetcher] github.com/yuxqiu/nix-update-git
    fetchpatch.hash
    - ""
    + "sha256-eCWwrZJ7O9BIQeMg0s9KPcnHchb40iKV4jBXcKjj7k0="
