---
source: tests/snapshot/main.rs
expression: output_for_insta
input_file: tests/snapshot/data/fetchpatch/pinned_github_extra_prefix.nix
---
[
  {
    "rule": "fetcher",
    "target": "github.com/yuxqiu/nix-update-git",
    "field": "fetchpatch.hash",
    "old": "\"\"",
    "new": "\"sha256-I0RuJf25CmgQGE8znYsvuqhkvm3BxqnAo5YUxO4QDHA=\"",
    "range": [
      744,
      746
    ]
  }
]
