---
source: tests/snapshot/main.rs
expression: output_for_insta
input_file: tests/snapshot/data/fetchpatch/pinned_github_strip_and_relative.nix
---
[
  {
    "rule": "fetcher",
    "field": "fetchpatch.hash",
    "old": "\"\"",
    "new": "\"sha256-szMs2mIpX4Ej1Oty+P/oo/qI5KXhOqXCxf1xiuf8Zpw=\"",
    "range": [
      816,
      818
    ]
  }
]
