---
source: tests/snapshot/main.rs
expression: output_for_insta
input_file: tests/snapshot/data/fetchpatch/pinned_github_compare_hash.nix
---
tests/snapshot/data/fetchpatch/pinned_github_compare_hash.nix
  [fetcher] github.com/yuxqiu/nix-update-git
    fetchpatch.hash
    - ""
    + "sha256-G+lNFpCD+840NFLX6e5aMkFYb2DDCHcmEZbeosR3tGQ="
