---
source: tests/snapshot/main.rs
expression: output_for_insta
input_file: tests/snapshot/data/fetchpatch/pinned_github_relative.nix
---
tests/snapshot/data/fetchpatch/pinned_github_relative.nix
  [fetcher] github.com/yuxqiu/nix-update-git
    fetchpatch.hash
    - ""
    + "sha256-QMAYH2sOpOpa2UvH8BlH266BE9PudN8DVEfj/N0NbZk="
