---
source: tests/snapshot/main.rs
expression: output_for_insta
input_file: tests/snapshot/data/fetchpatch/pinned_github_hunks.nix
---
tests/snapshot/data/fetchpatch/pinned_github_hunks.nix
  [fetcher] github.com/yuxqiu/nix-update-git
    fetchpatch.hash
    - ""
    + "sha256-IHot3hq8bCzLj9jlgrdqk+JAOX0zxuVYG80EW58Q5So="
