---
source: tests/snapshot/main.rs
expression: output_for_insta
input_file: tests/snapshot/data/fetchpatch/pinned_github_patch_sha256.nix
---
tests/snapshot/data/fetchpatch/pinned_github_patch_sha256.nix
  [fetcher] github.com/yuxqiu/nix-update-git
    fetchpatch.sha256
    - ""
    + "1gs39l5fdcd1ilwzzmgkl11y68lzlwblgq9lxh3asqfzw658mw0k"
