---
source: tests/snapshot/main.rs
expression: output_for_insta
input_file: tests/snapshot/data/fetchpatch/pinned_github_excludes.nix
---
tests/snapshot/data/fetchpatch/pinned_github_excludes.nix
  [fetcher] github.com/yuxqiu/nix-update-git
    fetchpatch.hash
    - ""
    + "sha256-WxdZtUQVjttjUndYn/AtGGREBbMQtsEPpCbqUnfgLfE="
