---
source: tests/snapshot/main.rs
expression: output_for_insta
input_file: tests/snapshot/data/fetchgit_parity/pinned_submodules.nix
---
tests/snapshot/data/fetchgit_parity/pinned_submodules.nix
  [fetcher] github.com/expipiplus1/has-submodule
    fetchgit.hash
    - ""
    + "sha256-byTyWAUSQmXSqoS6DLkdtfJyoxsrd1K55a5LiwAwaPA="
