---
source: tests/snapshot/main.rs
expression: output_for_insta
input_file: tests/snapshot/data/fetchgit_parity/pinned_submodules_leave_dot_git.nix
---
[
  {
    "rule": "fetcher",
    "target": "github.com/expipiplus1/has-submodule",
    "field": "fetchgit.hash",
    "old": "\"\"",
    "new": "\"sha256-WHe35Nmt3teq8Sze30r9gDMcbyheyMxPktNFBGe7fHQ=\"",
    "range": [
      745,
      747
    ]
  }
]
