---
source: tests/snapshot/main.rs
expression: output_for_insta
input_file: tests/snapshot/data/fetchgit_parity/pinned_deep_clone.nix
---
[
  {
    "rule": "fetcher",
    "field": "fetchgit.hash",
    "old": "\"\"",
    "new": "\"sha256-JZAmMDC/TIqPk7g0pCB0rJQ3ofBRbVd9DaBj1bkO2tw=\"",
    "range": [
      615,
      617
    ]
  }
]
