---
source: tests/snapshot/main.rs
expression: output_for_insta
input_file: tests/snapshot/data/fetchgit_parity/pinned_root_dir.nix
---
[
  {
    "rule": "fetcher",
    "field": "fetchgit.hash",
    "old": "\"\"",
    "new": "\"sha256-gH5M/jW6F+mwCo3+e2VhdDu0o1GvGFLHOBWcB+b1aPY=\"",
    "range": [
      674,
      676
    ]
  }
]
