---
source: tests/snapshot/main.rs
expression: output_for_insta
input_file: tests/snapshot/data/fetchgit_parity/pinned_root_dir.nix
---
tests/snapshot/data/fetchgit_parity/pinned_root_dir.nix
  [fetcher] github.com/expipiplus1/update-nix-fetchgit
    fetchgit.hash
    - ""
    + "sha256-gH5M/jW6F+mwCo3+e2VhdDu0o1GvGFLHOBWcB+b1aPY="
