---
source: tests/snapshot/mod.rs
assertion_line: 120
expression: output_for_insta
input_file: tests/snapshot/data/fetchgit_parity/pinned_deep_clone_submodules_leave_dot_git.nix
---
[
  {
    "rule": "fetcher",
    "field": "fetchgit.hash",
    "old": "\"\"",
    "new": "\"sha256-A8tA2m0ysa+zMhuS83xWuj4Ucfdh7NhGNzfwFixiZgo=\"",
    "range": [
      870,
      872
    ]
  }
]
