---
source: tests/snapshot/main.rs
expression: output_for_insta
input_file: tests/snapshot/data/fetcher/arkenfox_user_js_hash.nix
---
[
  {
    "rule": "fetcher",
    "target": "arkenfox/user.js",
    "field": "fetchFromGitHub.hash",
    "old": "\"\"",
    "new": "\"sha256-LPDiiEPOZu5Ah5vCLyCMT3w1uoBhUjyqoPWCOiLVLnw=\"",
    "range": [
      144,
      146
    ]
  }
]
