---
source: tests/snapshot/main.rs
expression: output_for_insta
input_file: tests/snapshot/data/fetcher/arkenfox_user_js_two_component_version.nix
---
tests/snapshot/data/fetcher/arkenfox_user_js_two_component_version.nix
  [fetcher] github.com/arkenfox/user.js
    fetchFromGitHub.rev
    - "140.0"
    + <redacted>
    fetchFromGitHub.hash
    - "sha256-LPDiiEPOZu5Ah5vCLyCMT3w1uoBhUjyqoPWCOiLVLnw="
    + <redacted>
