---
source: tests/snapshot/main.rs
expression: output_for_insta
input_file: tests/snapshot/data/fetcher/arkenfox_user_js_two_component_version.nix
---
[
  {
    "rule": "fetcher",
    "target": "arkenfox/user.js",
    "field": "fetchFromGitHub.rev",
    "old": "\"140.0\"",
    "range": [
      103,
      110
    ]
  },
  {
    "rule": "fetcher",
    "target": "arkenfox/user.js",
    "field": "fetchFromGitHub.hash",
    "old": "\"sha256-LPDiiEPOZu5Ah5vCLyCMT3w1uoBhUjyqoPWCOiLVLnw=\"",
    "range": [
      123,
      176
    ]
  }
]
