---
source: tests/snapshot/main.rs
expression: output_for_insta
input_file: tests/snapshot/data/fetcher/codeberg_scdoc_hash.nix
---
[
  {
    "rule": "fetcher",
    "target": "ddevault/scdoc",
    "field": "fetchFromCodeberg.hash",
    "old": "\"\"",
    "new": "\"sha256-2NVC+1in1Yt6/XGcHXP+V4AAz8xW/hSq9ctF/Frdgh0=\"",
    "range": [
      369,
      371
    ]
  }
]
