---
source: tests/snapshot/main.rs
expression: output_for_insta
input_file: tests/snapshot/data/fetcher/forgejo_scdoc_hash.nix
---
[
  {
    "rule": "fetcher",
    "target": "ddevault/scdoc@codeberg.org",
    "field": "fetchFromForgejo.hash",
    "old": "\"\"",
    "new": "\"sha256-2NVC+1in1Yt6/XGcHXP+V4AAz8xW/hSq9ctF/Frdgh0=\"",
    "range": [
      396,
      398
    ]
  }
]
