---
source: tests/snapshot/main.rs
expression: output_for_insta
input_file: tests/snapshot/data/fetcher/gitlab_procps_hash.nix
---
tests/snapshot/data/fetcher/gitlab_procps_hash.nix
  [fetcher] gitlab.com/procps-ng/procps
    fetchFromGitLab.hash
    - ""
    + "sha256-GVWLPd9wr3e94kEEJKmOk2ghXAFIB+BiSrK6Qzyr+uk="
