---
source: tests/snapshot/main.rs
expression: output_for_insta
input_file: tests/snapshot/data/fetcher/repoorcz_girocco_hash.nix
---
tests/snapshot/data/fetcher/repoorcz_girocco_hash.nix
  [fetcher] repo.or.cz/girocco.git
    fetchFromRepoOrCz.hash
    - ""
    + "sha256-dgqYA5zEU6+OPqi1SK4Q0erwkChxpatLtJyzAx67wUc="
