---
source: tests/snapshot/main.rs
expression: output_for_insta
input_file: tests/snapshot/data/fetcher/yuxqiu_nix_update_git_update_mode.nix
---
[
  {
    "rule": "fetcher",
    "field": "fetchFromGitHub.rev",
    "old": "\"v0.1.0\"",
    "range": [
      103,
      111
    ]
  },
  {
    "rule": "fetcher",
    "field": "fetchFromGitHub.hash",
    "old": "\"sha256-AAAAAAAAAAAAAAAAAAAAAAAAAAAAAAAAAAAAAAAAAAA=\"",
    "range": [
      124,
      177
    ]
  }
]
