---
source: tests/snapshot/main.rs
expression: output_for_insta
input_file: tests/snapshot/data/fetcher/yuxqiu_nix_update_git_tag_attribute.nix
---
tests/snapshot/data/fetcher/yuxqiu_nix_update_git_tag_attribute.nix
  [fetcher] github.com/yuxqiu/nix-update-git
    fetchFromGitHub.tag
    - "v0.1.0"
    + <redacted>
    fetchFromGitHub.hash
    - "sha256-AAAAAAAAAAAAAAAAAAAAAAAAAAAAAAAAAAAAAAAAAAA="
    + <redacted>
