---
source: tests/snapshot/main.rs
expression: output_for_insta
input_file: tests/snapshot/data/mk_derivation/excalidraw_mcp_complex_mk_derivation.nix
---
[
  {
    "rule": "mk-derivation",
    "target": "excalidraw/excalidraw-mcp",
    "field": "fetchFromGitHub.rev",
    "old": "\"\"",
    "range": [
      394,
      396
    ]
  },
  {
    "rule": "mk-derivation",
    "target": "excalidraw/excalidraw-mcp",
    "field": "fetchFromGitHub.hash",
    "old": "\"\"",
    "range": [
      409,
      411
    ]
  }
]
