---
source: tests/snapshot/main.rs
expression: output_for_insta
input_file: tests/snapshot/data/update-nix-fetchgit/upstream_scoped_fetchgit.nix
---
tests/snapshot/data/update-nix-fetchgit/upstream_scoped_fetchgit.nix
  [fetcher] github.com/expipiplus1/update-nix-fetchgit
    fetchgit.rev
    - "v0.2.1"
    + <redacted>
    fetchgit.hash
    - ""
    + <redacted>
