---
source: tests/snapshot/main.rs
expression: output_for_insta
input_file: tests/snapshot/data/update-nix-fetchgit/upstream_fetch_from_github_pinned_empty_hash.nix
---
[
  {
    "rule": "fetcher",
    "target": "expipiplus1/upfind",
    "field": "fetchFromGitHub.hash",
    "old": "\"\"",
    "new": "\"sha256-Civ5oVMShqR3W4wDF4exqS8V/eotKNumE+t9ZfS25ZU=\"",
    "range": [
      284,
      286
    ]
  }
]
