---
source: tests/snapshot/main.rs
expression: output_for_insta
input_file: tests/snapshot/data/update-nix-fetchgit/upstream_version_shared_with_rev.nix
---
[
  {
    "rule": "mk-derivation",
    "target": "github.com/expipiplus1/update-nix-fetchgit",
    "field": "mk-derivation.version",
    "old": "\"v0.2.1\"",
    "range": [
      256,
      264
    ]
  },
  {
    "rule": "mk-derivation",
    "target": "github.com/expipiplus1/update-nix-fetchgit",
    "field": "fetchFromGitHub.rev",
    "old": "\"v0.2.1\"",
    "range": [
      371,
      379
    ]
  },
  {
    "rule": "mk-derivation",
    "target": "github.com/expipiplus1/update-nix-fetchgit",
    "field": "fetchFromGitHub.hash",
    "old": "\"\"",
    "range": [
      394,
      396
    ]
  }
]
