---
source: tests/snapshot/main.rs
expression: output_for_insta
input_file: tests/snapshot/data/update-nix-fetchgit/upstream_fetchgit_leave_dot_git.nix
---
tests/snapshot/data/update-nix-fetchgit/upstream_fetchgit_leave_dot_git.nix
  [fetcher] github.com/expipiplus1/update-nix-fetchgit
    fetchgit.rev
    - "v0.2.1"
    + <redacted>
    fetchgit.sha256
    - ""
    + <redacted>
