---
source: tests/snapshot/main.rs
expression: output_for_insta
input_file: tests/snapshot/data/update-nix-fetchgit/upstream_builtins_fetchgit_sha256_ignored.nix
---
tests/snapshot/data/update-nix-fetchgit/upstream_builtins_fetchgit_sha256_ignored.nix
  [fetcher] github.com/expipiplus1/update-nix-fetchgit
    builtins.fetchGit.ref
    - "v0.2.1"
    + <redacted>
